Pillow 12.3.0  target 640
web_20260818_0042.jpg              4282x2335 -> draft 2141x1168  Pillow f=2  Rust f=2  agree  letterbox s=0.2989
dji_20260822_143917_0141.jpg       3277x1843 -> draft 1639x922  Pillow f=2  Rust f=2  agree  letterbox s=0.3905
web_20260818_0121.jpg              1200x803 -> draft 1200x803  Pillow f=1  Rust f=1  agree  letterbox s=0.5333
web_20260818_0069.jpg              3171x2114 -> draft 1586x1057  Pillow f=2  Rust f=2  agree  letterbox s=0.4035
nikon_20260822_122733_0133.jpg     5568x3712 -> draft 1392x928  Pillow f=4  Rust f=4  agree  letterbox s=0.4598
web_20260818_0043.jpg              4361x2292 -> draft 2181x1146  Pillow f=2  Rust f=2  agree  letterbox s=0.2934
web_20260818_0036.jpg              1280x853 -> draft 1280x853  Pillow f=1  Rust f=1  agree  letterbox s=0.5000
web_20260818_0039.jpg              3872x2592 -> draft 968x648  Pillow f=4  Rust f=4  agree  letterbox s=0.6612
web_20260818_0037.jpg              1280x985 -> draft 1280x985  Pillow f=1  Rust f=1  agree  letterbox s=0.5000
nikon_20260822_122743_0135.jpg     5568x3712 -> draft 1392x928  Pillow f=4  Rust f=4  agree  letterbox s=0.4598
web_20260818_0068.jpg              2700x4050 -> draft 675x1013  Pillow f=4  Rust f=4  agree  letterbox s=0.6318
web_20260818_0115.jpg              3957x2641 -> draft 990x661  Pillow f=4  Rust f=4  agree  letterbox s=0.6465
web_20260818_0127.jpg              1280x851 -> draft 1280x851  Pillow f=1  Rust f=1  agree  letterbox s=0.5000
web_20260818_0110.jpg              5053x3368 -> draft 1264x842  Pillow f=4  Rust f=4  agree  letterbox s=0.5063
iphone_20260618_182942_0021.jpg    4032x3024 -> draft 1008x756  Pillow f=4  Rust f=4  agree  letterbox s=0.6349
web_20260818_0051.jpg              3943x4418 -> draft 986x1105  Pillow f=4  Rust f=4  agree  letterbox s=0.5792
web_20260818_0046.jpg              1280x960 -> draft 1280x960  Pillow f=1  Rust f=1  agree  letterbox s=0.5000
web_20260818_0076.jpg              5253x7004 -> draft 657x876  Pillow f=8  Rust f=8  agree  letterbox s=0.7306
web_20260818_0088.jpg              4633x3089 -> draft 1159x773  Pillow f=4  Rust f=4  agree  letterbox s=0.5522
web_20260818_0078.jpg              6000x4000 -> draft 1500x1000  Pillow f=4  Rust f=4  agree  letterbox s=0.4267
web_20260818_0040.jpg              1280x854 -> draft 1280x854  Pillow f=1  Rust f=1  agree  letterbox s=0.5000
web_20260818_0107.jpg              3046x3795 -> draft 762x949  Pillow f=4  Rust f=4  agree  letterbox s=0.6744
nikon_20260822_122729_0132.jpg     5568x3712 -> draft 1392x928  Pillow f=4  Rust f=4  agree  letterbox s=0.4598
web_20060330_151611_0003.jpg       3000x2053 -> draft 1500x1027  Pillow f=2  Rust f=2  agree  letterbox s=0.4267
web_20260818_0104.jpg              5255x3508 -> draft 1314x877  Pillow f=4  Rust f=4  agree  letterbox s=0.4871
web_20260818_0091.jpg              4953x2786 -> draft 1239x697  Pillow f=4  Rust f=4  agree  letterbox s=0.5165

26 of 26 JPEGs: Rust draft_factor == Pillow draft()
sizes (w, h, f): {(4282, 2335, 2): 1, (3277, 1843, 2): 1, (1200, 803, 1): 1, (3171, 2114, 2): 1, (5568, 3712, 4): 3, (4361, 2292, 2): 1, (1280, 853, 1): 1, (3872, 2592, 4): 1, (1280, 985, 1): 1, (2700, 4050, 4): 1, (3957, 2641, 4): 1, (1280, 851, 1): 1, (5053, 3368, 4): 1, (4032, 3024, 4): 1, (3943, 4418, 4): 1, (1280, 960, 1): 1, (5253, 7004, 8): 1, (4633, 3089, 4): 1, (6000, 4000, 4): 1, (1280, 854, 1): 1, (3046, 3795, 4): 1, (3000, 2053, 2): 1, (5255, 3508, 4): 1, (4953, 2786, 4): 1}

worked case 5568x3712: floor(w/640)=8 floor(h/640)=5 min=5 -> f=4 -> 1392x928; s = 640/1392 = 0.4598
