2026-09-25T17:25:19Z
78b383e938b2fc6a10d622fbe666b0a67afa3c2a
    Finished `release` profile [optimized] target(s) in 9.70s
     Running `target/release/examples/scale_probe /Users/nikhilkunapareddy/Documents/loonet/data/annotated/loonnet_v1/val.txt`
web_20260818_0042.jpg              4282x2335  jpeg-decoder scale() -> 1071x584 (f=4)  draft_factor f=2  DIFFER
dji_20260822_143917_0141.jpg       3277x1843  jpeg-decoder scale() -> 820x461 (f=4)  draft_factor f=2  DIFFER
web_20260818_0121.jpg              1200x803  jpeg-decoder scale() -> 1200x803 (f=1)  draft_factor f=1
web_20260818_0069.jpg              3171x2114  jpeg-decoder scale() -> 793x529 (f=4)  draft_factor f=2  DIFFER
nikon_20260822_122733_0133.jpg     5568x3712  jpeg-decoder scale() -> 696x464 (f=8)  draft_factor f=4  DIFFER
web_20260818_0043.jpg              4361x2292  jpeg-decoder scale() -> 1091x573 (f=4)  draft_factor f=2  DIFFER
web_20260818_0036.jpg              1280x853  jpeg-decoder scale() -> 640x427 (f=2)  draft_factor f=1  DIFFER
web_20260818_0039.jpg              3872x2592  jpeg-decoder scale() -> 968x648 (f=4)  draft_factor f=4
web_20260818_0037.jpg              1280x985  jpeg-decoder scale() -> 640x493 (f=2)  draft_factor f=1  DIFFER
nikon_20260822_122743_0135.jpg     5568x3712  jpeg-decoder scale() -> 696x464 (f=8)  draft_factor f=4  DIFFER
web_20260818_0068.jpg              2700x4050  jpeg-decoder scale() -> 675x1013 (f=4)  draft_factor f=4
web_20260818_0115.jpg              3957x2641  jpeg-decoder scale() -> 990x661 (f=4)  draft_factor f=4
web_20260818_0127.jpg              1280x851  jpeg-decoder scale() -> 640x426 (f=2)  draft_factor f=1  DIFFER
web_20260818_0110.jpg              5053x3368  jpeg-decoder scale() -> 1264x842 (f=4)  draft_factor f=4
iphone_20260618_182942_0021.jpg    4032x3024  jpeg-decoder scale() -> 1008x756 (f=4)  draft_factor f=4
web_20260818_0051.jpg              3943x4418  jpeg-decoder scale() -> 986x1105 (f=4)  draft_factor f=4
web_20260818_0046.jpg              1280x960  jpeg-decoder scale() -> 640x480 (f=2)  draft_factor f=1  DIFFER
web_20260818_0076.jpg              5253x7004  jpeg-decoder scale() -> 657x876 (f=8)  draft_factor f=8
web_20260818_0088.jpg              4633x3089  jpeg-decoder scale() -> 1159x773 (f=4)  draft_factor f=4
web_20260818_0078.jpg              6000x4000  jpeg-decoder scale() -> 750x500 (f=8)  draft_factor f=4  DIFFER
web_20260818_0040.jpg              1280x854  jpeg-decoder scale() -> 640x427 (f=2)  draft_factor f=1  DIFFER
web_20260818_0107.jpg              3046x3795  jpeg-decoder scale() -> 762x949 (f=4)  draft_factor f=4
nikon_20260822_122729_0132.jpg     5568x3712  jpeg-decoder scale() -> 696x464 (f=8)  draft_factor f=4  DIFFER
web_20060330_151611_0003.jpg       3000x2053  jpeg-decoder scale() -> 750x514 (f=4)  draft_factor f=2  DIFFER
web_20260818_0104.jpg              5255x3508  jpeg-decoder scale() -> 657x439 (f=8)  draft_factor f=4  DIFFER
web_20260818_0091.jpg              4953x2786  jpeg-decoder scale() -> 1239x697 (f=4)  draft_factor f=4

15 of 26 photos: jpeg-decoder's own scale() picks a different reduction than Pillow's draft()
